WARNING: downloaded file [clean_utmccf.wordpress.com/sitemap.xml.diff] is not an HTML. It is not processed for ad/tracker cleaning
ERROR: Failed to download https://utmccf.wordpress.com/_static/??-eJyNjcsKQjEMBX/ImlsQry7ET5GahrbXNCmmRfx7H7gRN+7OwGEGbs2hSifpUIdrPFIRg4V6C3j5MNgQqBoHk4HlcKUYYry/Z5G0RrMV/C06FUEwxRLYsSa1L/iR9Uz1mc0bSKznwK/DsR787Kd5P/ntbnkAuNBIYA==&cssminify=yes: HTTP Error 404: Not found
ERROR: Failed to download https://utmccf.wordpress.com/_static/??-eJyNkVFqAzEMRC9UV6Sk5Kv0LFpb2Whty+5KXuf4ddJCSwpp0Idg5o0YEPTqfBEjMZhSmV1NbWZR6GUNGNT5hKqksAwJLT0v+gS/Mrn9JDjMZArUhlsik0vYwSjXhEY3+p07ieOgPxo1OqGEROstbCfKA6ltAgosl26CG89oXOQBWCNXl1iiOxbf1B35/EDqsu/UXsgq+uiG1Ksv+dsAbQIbSSgrYLOS0Yz9Hxp09TA1TgGEul698Q8f1X29paip25j6f/6o+J7fdoeXMfvd6375BCNstKU=: HTTP Error 404: Not found
ERROR: Failed to download https://utmccf.wordpress.com/_static/??-eJyNjcsKQjEMBX/ImlsQry7ET5GahrbXNCmmRfx7H7gRN+7OwGEGbs2hSifpUIdrPFIRg4V6C3j5MNgQqBoHk4HlcKUYYry/Z5G0RrMV/C06FUEwxRLYsSa1L/iR9Uz1mc0bSKznwK/DsR787Kd5P/ntbnkAuNBIYA==&cssminify=yes: HTTP Error 404: Not found
WARNING: downloaded file [clean_utmccf.wordpress.com/xmlrpc.php@rsd] is not an HTML. It is not processed for ad/tracker cleaning
ERROR: `clean()` - cannot find <html> tag in file in [clean_utmccf.wordpress.com/index.html@openidserver=1.html]
ERROR: `clean()` - found 0 body tags
WARNING: `clean()` - no change in [clean_utmccf.wordpress.com/index.html@openidserver=1.html]
WARNING: downloaded file [clean_utmccf.wordpress.com/wp-content/themes/pub/edin/font/edincon.ttf] is not an HTML. It is not processed for ad/tracker cleaning
WARNING: downloaded file [clean_utmccf.wordpress.com/wp-content/themes/pub/edin/font/edincon.svg@-yw7mjc] is not an HTML. It is not processed for ad/tracker cleaning
WARNING: downloaded file [clean_utmccf.wordpress.com/wp-content/themes/pub/edin/font/edincon.ttf@-yw7mjc] is not an HTML. It is not processed for ad/tracker cleaning
WARNING: downloaded file [clean_utmccf.wordpress.com/wp-content/themes/pub/edin/font/edincon.eot@-yw7mjc] is not an HTML. It is not processed for ad/tracker cleaning
WARNING: downloaded file [clean_utmccf.wordpress.com/wp-content/themes/pub/edin/font/edincon.woff@-yw7mjc] is not an HTML. It is not processed for ad/tracker cleaning
WARNING: downloaded file [clean_utmccf.wordpress.com/wp-content/themes/pub/edin/font/edincon.eot@] is not an HTML. It is not processed for ad/tracker cleaning
WARNING: downloaded file [clean_utmccf.wordpress.com/wp-content/themes/pub/edin/font/edincon.woff] is not an HTML. It is not processed for ad/tracker cleaning
WARNING: downloaded file [clean_utmccf.wordpress.com/wp-content/plugins/gutenberg-core/v23.6.2/build/scripts/hooks/index.min.js@m=1785233848i&ver=7496969728ca0f95732d] is not an HTML. It is not processed for ad/tracker cleaning
WARNING: downloaded file [clean_utmccf.wordpress.com/wp-content/plugins/gutenberg-core/v23.6.2/build/scripts/i18n/index.min.js@m=1785233848i&ver=125448662852c5e18937] is not an HTML. It is not processed for ad/tracker cleaning
WARNING: downloaded file [clean_utmccf.wordpress.com/wp-content/plugins/gutenberg-core/v23.6.2/build/scripts/dom-ready/index.min.js@m=1785233848i&ver=a06281ae5cf5500e9317] is not an HTML. It is not processed for ad/tracker cleaning
WARNING: downloaded file [clean_utmccf.wordpress.com/wp-content/js/bilmur.min.js@i=17&m=202632] is not an HTML. It is not processed for ad/tracker cleaning
WARNING: downloaded file [clean_utmccf.wordpress.com/wp-content/mu-plugins/carousel-wpcom/carousel-wpcom.js@m=1761899756i] is not an HTML. It is not processed for ad/tracker cleaning
WARNING: downloaded file [clean_utmccf.wordpress.com/wp-content/mu-plugins/jetpack-mu-wpcom-plugin/moon/jetpack_vendor/automattic/jetpack-mu-wpcom/src/build/verbum-comments/assets/dynamic-loader.js@m=1772518873i&minify=false&ver=8b5296f9195db92c42e4] is not an HTML. It is not processed for ad/tracker cleaning
WARNING: downloaded file [clean_utmccf.wordpress.com/wp-content/mu-plugins/jetpack-mu-wpcom-plugin/moon/jetpack_vendor/automattic/jetpack-classic-theme-helper/dist/responsive-videos/responsive-videos.js@m=1772482296i] is not an HTML. It is not processed for ad/tracker cleaning
WARNING: downloaded file [clean_utmccf.wordpress.com/wp-content/mu-plugins/jetpack-mu-wpcom-plugin/sun/jetpack_vendor/automattic/jetpack-mu-wpcom/src/build/verbum-comments/assets/dynamic-loader.js@m=1772522099i&minify=false&ver=8b5296f9195db92c42e4] is not an HTML. It is not processed for ad/tracker cleaning
WARNING: downloaded file [clean_utmccf.wordpress.com/wp-content/mu-plugins/jetpack-mu-wpcom-plugin/sun/jetpack_vendor/automattic/jetpack-classic-theme-helper/dist/responsive-videos/responsive-videos.js@m=1772475325i] is not an HTML. It is not processed for ad/tracker cleaning
WARNING: downloaded file [clean_utmccf.wordpress.com/wp-content/mu-plugins/gravatar-hovercards/wpgroho.js@m=1610363240i] is not an HTML. It is not processed for ad/tracker cleaning
WARNING: downloaded file [clean_utmccf.wordpress.com/wp-content/mu-plugins/jetpack-plugin/moon/_inc/genericons/genericons/Genericons.eot] is not an HTML. It is not processed for ad/tracker cleaning
WARNING: downloaded file [clean_utmccf.wordpress.com/wp-content/mu-plugins/jetpack-plugin/moon/_inc/genericons/genericons/Genericons.ttf] is not an HTML. It is not processed for ad/tracker cleaning
WARNING: downloaded file [clean_utmccf.wordpress.com/wp-content/mu-plugins/jetpack-plugin/moon/_inc/genericons/genericons/Genericons.eot@] is not an HTML. It is not processed for ad/tracker cleaning
WARNING: downloaded file [clean_utmccf.wordpress.com/wp-content/mu-plugins/jetpack-plugin/moon/_inc/blocks/tiled-gallery/view.js@m=1782736681i&minify=false&ver=16.2-a.0] is not an HTML. It is not processed for ad/tracker cleaning
WARNING: downloaded file [clean_utmccf.wordpress.com/wp-content/mu-plugins/jetpack-plugin/moon/_inc/build/tiled-gallery/tiled-gallery/tiled-gallery.min.js@m=1755006225i&ver=16.2-a.0] is not an HTML. It is not processed for ad/tracker cleaning
WARNING: downloaded file [clean_utmccf.wordpress.com/wp-content/mu-plugins/jetpack-plugin/moon/_inc/build/sharedaddy/sharing.min.js@m=1755006225i] is not an HTML. It is not processed for ad/tracker cleaning
WARNING: downloaded file [clean_utmccf.wordpress.com/wp-content/mu-plugins/jetpack-plugin/sun/_inc/genericons/genericons/Genericons.eot] is not an HTML. It is not processed for ad/tracker cleaning
WARNING: downloaded file [clean_utmccf.wordpress.com/wp-content/mu-plugins/jetpack-plugin/sun/_inc/genericons/genericons/Genericons.ttf] is not an HTML. It is not processed for ad/tracker cleaning
WARNING: downloaded file [clean_utmccf.wordpress.com/wp-content/mu-plugins/jetpack-plugin/sun/_inc/genericons/genericons/Genericons.eot@] is not an HTML. It is not processed for ad/tracker cleaning
WARNING: downloaded file [clean_utmccf.wordpress.com/wp-content/mu-plugins/jetpack-plugin/sun/_inc/blocks/tiled-gallery/view.js@m=1782572521i&minify=false&ver=16.2-a.0] is not an HTML. It is not processed for ad/tracker cleaning
WARNING: downloaded file [clean_utmccf.wordpress.com/wp-content/mu-plugins/jetpack-plugin/sun/_inc/build/tiled-gallery/tiled-gallery/tiled-gallery.min.js@m=1755011788i&ver=16.2-a.0] is not an HTML. It is not processed for ad/tracker cleaning
WARNING: downloaded file [clean_utmccf.wordpress.com/wp-content/mu-plugins/jetpack-plugin/sun/_inc/build/sharedaddy/sharing.min.js@m=1755011788i] is not an HTML. It is not processed for ad/tracker cleaning
WARNING: downloaded file [clean_utmccf.wordpress.com/wp-content/uploads/2009/03/0101e33cbf3b486a539a92777d6bdb4dfe3731ed5b.jpg@w=1230&] is not an HTML. It is not processed for ad/tracker cleaning
WARNING: downloaded file [clean_utmccf.wordpress.com/wp-content/uploads/2009/12/love.jpg@w=150&h=145] is not an HTML. It is not processed for ad/tracker cleaning
WARNING: downloaded file [clean_utmccf.wordpress.com/wp-content/uploads/2009/09/coffeehouse-2010-poster.jpg@w=213&h=300] is not an HTML. It is not processed for ad/tracker cleaning
WARNING: downloaded file [clean_utmccf.wordpress.com/wp-content/uploads/2009/09/love-seminar-march-2011.jpg@w=450&h=299] is not an HTML. It is not processed for ad/tracker cleaning
WARNING: downloaded file [clean_utmccf.wordpress.com/wp-content/uploads/2009/09/coffeehouse-2010-poster.jpg@w=648] is not an HTML. It is not processed for ad/tracker cleaning
WARNING: downloaded file [clean_utmccf.wordpress.com/wp-content/uploads/2009/09/renren.png@w=105&h=30] is not an HTML. It is not processed for ad/tracker cleaning
WARNING: downloaded file [clean_utmccf.wordpress.com/wp-content/uploads/2009/09/facebook-icon.png@w=27&h=27] is not an HTML. It is not processed for ad/tracker cleaning
WARNING: downloaded file [clean_utmccf.wordpress.com/wp-content/uploads/2009/09/coffeehouse-2010-poster.jpg@w=450&h=634] is not an HTML. It is not processed for ad/tracker cleaning
WARNING: downloaded file [clean_utmccf.wordpress.com/wp-content/uploads/2009/09/coffeehouse-2010-poster.jpg@w=107&h=150] is not an HTML. It is not processed for ad/tracker cleaning
WARNING: downloaded file [clean_utmccf.wordpress.com/wp-content/uploads/2018/12/20180914-poster-v3-v-small.png@w=1440&h=1803] is not an HTML. It is not processed for ad/tracker cleaning
WARNING: downloaded file [clean_utmccf.wordpress.com/wp-content/uploads/2018/12/20180914-poster-v3-v-small.png@w=818&h=1024] is not an HTML. It is not processed for ad/tracker cleaning
WARNING: downloaded file [clean_utmccf.wordpress.com/wp-content/uploads/2018/12/20180914-poster-v3-v-small.png@w=768&h=962] is not an HTML. It is not processed for ad/tracker cleaning
WARNING: downloaded file [clean_utmccf.wordpress.com/wp-content/uploads/2018/12/20180914-poster-v3-v-small.png@w=120&h=150] is not an HTML. It is not processed for ad/tracker cleaning
WARNING: downloaded file [clean_utmccf.wordpress.com/wp-content/uploads/2018/12/20180914-poster-v3-v-small.png@w=240&h=300] is not an HTML. It is not processed for ad/tracker cleaning
WARNING: downloaded file [clean_utmccf.wordpress.com/wp-content/uploads/2018/10/20181012-d2.png@w=1440&h=2016] is not an HTML. It is not processed for ad/tracker cleaning
WARNING: downloaded file [clean_utmccf.wordpress.com/wp-content/uploads/2018/10/20181012-d2.png@w=107&h=150] is not an HTML. It is not processed for ad/tracker cleaning
WARNING: downloaded file [clean_utmccf.wordpress.com/wp-content/uploads/2018/10/20181012-d2.png@w=214&h=300] is not an HTML. It is not processed for ad/tracker cleaning
WARNING: downloaded file [clean_utmccf.wordpress.com/wp-content/uploads/2018/10/20181012-d2.png@w=768&h=1075] is not an HTML. It is not processed for ad/tracker cleaning
WARNING: downloaded file [clean_utmccf.wordpress.com/wp-content/uploads/2018/10/20181012-d2.png@w=731&h=1024] is not an HTML. It is not processed for ad/tracker cleaning
WARNING: downloaded file [clean_utmccf.wordpress.com/wp-content/uploads/2018/11/2018-christmas-dinner-d3.png@w=300&h=188] is not an HTML. It is not processed for ad/tracker cleaning
WARNING: downloaded file [clean_utmccf.wordpress.com/wp-content/uploads/2018/11/screen-shot-2018-11-14-at-6-43-59-pm.png@w=115&h=150] is not an HTML. It is not processed for ad/tracker cleaning
WARNING: downloaded file [clean_utmccf.wordpress.com/wp-content/uploads/2018/11/2018-christmas-dinner-d3.png@w=1440&h=900] is not an HTML. It is not processed for ad/tracker cleaning
WARNING: downloaded file [clean_utmccf.wordpress.com/wp-content/uploads/2018/11/screen-shot-2018-11-14-at-6-43-59-pm.png@w=787&h=1024] is not an HTML. It is not processed for ad/tracker cleaning
WARNING: downloaded file [clean_utmccf.wordpress.com/wp-content/uploads/2018/11/2018-christmas-dinner-d3.png@w=150&h=94] is not an HTML. It is not processed for ad/tracker cleaning
WARNING: downloaded file [clean_utmccf.wordpress.com/wp-content/uploads/2018/11/2018-christmas-dinner-d3.png@w=768&h=480] is not an HTML. It is not processed for ad/tracker cleaning
WARNING: downloaded file [clean_utmccf.wordpress.com/wp-content/uploads/2018/11/cross-copy.jpg@w=1230&] is not an HTML. It is not processed for ad/tracker cleaning
WARNING: downloaded file [clean_utmccf.wordpress.com/wp-content/uploads/2018/11/2018-christmas-dinner-d3.png@w=1024&h=640] is not an HTML. It is not processed for ad/tracker cleaning
WARNING: downloaded file [clean_utmccf.wordpress.com/wp-content/uploads/2018/11/screen-shot-2018-11-14-at-6-43-59-pm.png@w=231&h=300] is not an HTML. It is not processed for ad/tracker cleaning
WARNING: downloaded file [clean_utmccf.wordpress.com/wp-content/uploads/2018/11/screen-shot-2018-11-14-at-6-43-59-pm.png@w=768&h=999] is not an HTML. It is not processed for ad/tracker cleaning
WARNING: downloaded file [clean_utmccf.wordpress.com/wp-content/uploads/2019/03/music-worship-poster.png@w=768&h=766] is not an HTML. It is not processed for ad/tracker cleaning
WARNING: downloaded file [clean_utmccf.wordpress.com/wp-content/uploads/2019/03/music-worship-poster.png@w=150&h=150] is not an HTML. It is not processed for ad/tracker cleaning
WARNING: downloaded file [clean_utmccf.wordpress.com/wp-content/uploads/2019/03/music-worship-poster.png@w=300&h=300] is not an HTML. It is not processed for ad/tracker cleaning
WARNING: downloaded file [clean_utmccf.wordpress.com/wp-content/uploads/2019/05/img_2084-2-e1559018438208.jpg@w=1230&] is not an HTML. It is not processed for ad/tracker cleaning
WARNING: downloaded file [clean_utmccf.wordpress.com/wp-content/uploads/2019/05/photo-1532153975070-2e9ab71f1b14-1-e1559020991794.jpg@w=1230&] is not an HTML. It is not processed for ad/tracker cleaning
WARNING: downloaded file [clean_utmccf.wordpress.com/wp-content/uploads/2019/05/photo-1533749047139-189de3cf06d3.jpg@w=1230&] is not an HTML. It is not processed for ad/tracker cleaning
WARNING: downloaded file [clean_utmccf.wordpress.com/wp-content/uploads/2019/09/newsletter-20190927-poster.jpg@w=106&h=150] is not an HTML. It is not processed for ad/tracker cleaning
WARNING: downloaded file [clean_utmccf.wordpress.com/wp-content/uploads/2019/09/newsletter-20190927-poster.jpg@w=768&h=1086] is not an HTML. It is not processed for ad/tracker cleaning
WARNING: downloaded file [clean_utmccf.wordpress.com/wp-content/uploads/2019/09/newsletter-20190927-poster.jpg@w=212&h=300] is not an HTML. It is not processed for ad/tracker cleaning
WARNING: downloaded file [clean_utmccf.wordpress.com/wp-content/uploads/2019/10/img_4642.png@w=105&h=150] is not an HTML. It is not processed for ad/tracker cleaning
WARNING: downloaded file [clean_utmccf.wordpress.com/wp-content/uploads/2019/10/img_4642.png@w=211&h=300] is not an HTML. It is not processed for ad/tracker cleaning
WARNING: downloaded file [clean_utmccf.wordpress.com/wp-content/uploads/2019/01/20180118-d1.png@w=1440&h=926] is not an HTML. It is not processed for ad/tracker cleaning
WARNING: downloaded file [clean_utmccf.wordpress.com/wp-content/uploads/2019/01/20180118-d1.png@w=150&h=96] is not an HTML. It is not processed for ad/tracker cleaning
WARNING: downloaded file [clean_utmccf.wordpress.com/wp-content/uploads/2019/01/20180118-d1.png@w=300&h=193] is not an HTML. It is not processed for ad/tracker cleaning
WARNING: downloaded file [clean_utmccf.wordpress.com/wp-content/uploads/2019/01/20180118-d1.png@w=768&h=494] is not an HTML. It is not processed for ad/tracker cleaning
WARNING: downloaded file [clean_utmccf.wordpress.com/wp-content/uploads/2019/01/20180118-d1.png@w=1024&h=658] is not an HTML. It is not processed for ad/tracker cleaning
WARNING: downloaded file [clean_utmccf.wordpress.com/wp-content/uploads/2019/11/20191115.png@w=763&h=1024] is not an HTML. It is not processed for ad/tracker cleaning
WARNING: downloaded file [clean_utmccf.wordpress.com/wp-content/uploads/2019/11/20191115.png@w=768&h=1031] is not an HTML. It is not processed for ad/tracker cleaning
WARNING: downloaded file [clean_utmccf.wordpress.com/wp-content/uploads/2019/11/20191115.png@w=112&h=150] is not an HTML. It is not processed for ad/tracker cleaning
WARNING: downloaded file [clean_utmccf.wordpress.com/wp-content/uploads/2019/11/poster.jpg@w=1024&h=576] is not an HTML. It is not processed for ad/tracker cleaning
WARNING: downloaded file [clean_utmccf.wordpress.com/wp-content/uploads/2019/11/poster.jpg@w=768&h=432] is not an HTML. It is not processed for ad/tracker cleaning
WARNING: downloaded file [clean_utmccf.wordpress.com/wp-content/uploads/2019/11/20191115.png@w=1440&h=1933] is not an HTML. It is not processed for ad/tracker cleaning
WARNING: downloaded file [clean_utmccf.wordpress.com/wp-content/uploads/2019/11/20191115.png@w=224&h=300] is not an HTML. It is not processed for ad/tracker cleaning
WARNING: downloaded file [clean_utmccf.wordpress.com/wp-content/uploads/2019/11/poster.jpg@w=150&h=84] is not an HTML. It is not processed for ad/tracker cleaning
WARNING: downloaded file [clean_utmccf.wordpress.com/wp-content/uploads/2019/11/poster.jpg@w=300&h=169] is not an HTML. It is not processed for ad/tracker cleaning
WARNING: downloaded file [clean_utmccf.wordpress.com/wp-content/uploads/2024/03/e8818ce4b89ae8a784e58892e58886e4baabe4b98b-e4b998e9a38ee7a0b4e6b5aae79a84e5908ce5ada6-1.png@w=212] is not an HTML. It is not processed for ad/tracker cleaning
WARNING: downloaded file [clean_utmccf.wordpress.com/wp-content/uploads/2024/03/e8818ce4b89ae8a784e58892e58886e4baabe4b98b-e4b998e9a38ee7a0b4e6b5aae79a84e5908ce5ada6-1.png@w=1296] is not an HTML. It is not processed for ad/tracker cleaning
WARNING: downloaded file [clean_utmccf.wordpress.com/wp-content/uploads/2024/03/e8818ce4b89ae8a784e58892e58886e4baabe4b98b-e4b998e9a38ee7a0b4e6b5aae79a84e5908ce5ada6-1.png@w=768] is not an HTML. It is not processed for ad/tracker cleaning
WARNING: downloaded file [clean_utmccf.wordpress.com/wp-content/uploads/2024/03/e8818ce4b89ae8a784e58892e58886e4baabe4b98b-e4b998e9a38ee7a0b4e6b5aae79a84e5908ce5ada6-1.png@w=1230&] is not an HTML. It is not processed for ad/tracker cleaning
WARNING: downloaded file [clean_utmccf.wordpress.com/wp-content/uploads/2024/03/e8818ce4b89ae8a784e58892e58886e4baabe4b98b-e4b998e9a38ee7a0b4e6b5aae79a84e5908ce5ada6-1.png@w=724] is not an HTML. It is not processed for ad/tracker cleaning
WARNING: downloaded file [clean_utmccf.wordpress.com/wp-content/uploads/2024/03/e8818ce4b89ae8a784e58892e58886e4baabe4b98b-e4b998e9a38ee7a0b4e6b5aae79a84e5908ce5ada6-1.png@w=648] is not an HTML. It is not processed for ad/tracker cleaning
WARNING: downloaded file [clean_utmccf.wordpress.com/wp-content/uploads/2024/03/e8818ce4b89ae8a784e58892e58886e4baabe4b98b-e4b998e9a38ee7a0b4e6b5aae79a84e5908ce5ada6-1.png@w=106] is not an HTML. It is not processed for ad/tracker cleaning
WARNING: downloaded file [clean_utmccf.wordpress.com/wp-content/uploads/2024/01/e58c85e9a5bae5ad90poster.png@w=1296] is not an HTML. It is not processed for ad/tracker cleaning
WARNING: downloaded file [clean_utmccf.wordpress.com/wp-content/uploads/2024/01/e58c85e9a5bae5ad90poster.png@w=648] is not an HTML. It is not processed for ad/tracker cleaning
WARNING: downloaded file [clean_utmccf.wordpress.com/wp-content/uploads/2024/01/e58c85e9a5bae5ad90poster.png@w=724] is not an HTML. It is not processed for ad/tracker cleaning
WARNING: downloaded file [clean_utmccf.wordpress.com/wp-content/uploads/2024/01/e58c85e9a5bae5ad90poster.png@w=768] is not an HTML. It is not processed for ad/tracker cleaning
WARNING: downloaded file [clean_utmccf.wordpress.com/wp-content/uploads/2024/01/e58c85e9a5bae5ad90poster.png@w=106] is not an HTML. It is not processed for ad/tracker cleaning
WARNING: downloaded file [clean_utmccf.wordpress.com/wp-content/uploads/2024/01/e58c85e9a5bae5ad90poster.png@w=1230&] is not an HTML. It is not processed for ad/tracker cleaning
WARNING: downloaded file [clean_utmccf.wordpress.com/wp-content/uploads/2024/01/e58c85e9a5bae5ad90poster.png@w=212] is not an HTML. It is not processed for ad/tracker cleaning
WARNING: downloaded file [clean_utmccf.wordpress.com/wp-content/uploads/2012/08/sports-night.jpg@w=450&h=584] is not an HTML. It is not processed for ad/tracker cleaning
WARNING: downloaded file [clean_utmccf.wordpress.com/wp-content/uploads/2012/08/e788b1e7a59ee4b88de8a681e788b1e4b896e7958c.jpg@w=450&h=584] is not an HTML. It is not processed for ad/tracker cleaning
WARNING: downloaded file [clean_utmccf.wordpress.com/wp-content/uploads/2012/08/e6b3a5e59c9fe99fb3e4b990e4bc9a.jpg@w=450&h=584] is not an HTML. It is not processed for ad/tracker cleaning
WARNING: downloaded file [clean_utmccf.wordpress.com/wp-content/uploads/2012/08/e789a7e5b888e8aeb2e5baa7.jpg@w=450&h=584] is not an HTML. It is not processed for ad/tracker cleaning
WARNING: downloaded file [clean_utmccf.wordpress.com/wp-content/uploads/2012/08/e4bfa1.jpg@w=450&h=584] is not an HTML. It is not processed for ad/tracker cleaning
WARNING: downloaded file [clean_utmccf.wordpress.com/wp-content/uploads/2012/08/to-know-god.jpg@w=450&h=675] is not an HTML. It is not processed for ad/tracker cleaning
WARNING: downloaded file [clean_utmccf.wordpress.com/wp-content/uploads/2012/08/e5afb9e4bb98e7bdaa.jpg@w=450&h=592] is not an HTML. It is not processed for ad/tracker cleaning
WARNING: downloaded file [clean_utmccf.wordpress.com/wp-content/uploads/2012/08/e880b6e7a8a3e58f97e99abee697a5.jpg@w=450&h=584] is not an HTML. It is not processed for ad/tracker cleaning
WARNING: downloaded file [clean_utmccf.wordpress.com/wp-content/uploads/2012/08/e788b1e5aeb6e4baba.jpg@w=450&h=661] is not an HTML. It is not processed for ad/tracker cleaning
WARNING: downloaded file [clean_utmccf.wordpress.com/wp-content/uploads/2012/08/e788b1e982bbe8888d1.jpg@w=450&h=584] is not an HTML. It is not processed for ad/tracker cleaning
WARNING: downloaded file [clean_utmccf.wordpress.com/wp-content/uploads/2012/08/e68da2e5b18ae98089e4b8be.jpg@w=450&h=584] is not an HTML. It is not processed for ad/tracker cleaning
WARNING: downloaded file [clean_utmccf.wordpress.com/wp-content/uploads/2012/08/what-is-sin.png@w=450&h=633] is not an HTML. It is not processed for ad/tracker cleaning
WARNING: downloaded file [clean_utmccf.wordpress.com/wp-content/uploads/2012/08/e788b1e5aeb6e4baba2.jpg@w=450&h=584] is not an HTML. It is not processed for ad/tracker cleaning
WARNING: downloaded file [clean_utmccf.wordpress.com/wp-content/uploads/2012/08/utmccf-jan18-newsletter.jpg@w=450&h=639] is not an HTML. It is not processed for ad/tracker cleaning
WARNING: downloaded file [clean_utmccf.wordpress.com/wp-content/uploads/2012/08/e68385e4babae88a82e8aeb2e5baa7.jpg@w=450&h=584] is not an HTML. It is not processed for ad/tracker cleaning
WARNING: downloaded file [clean_utmccf.wordpress.com/wp-content/uploads/2012/08/e9878de7949f.jpg@w=450&h=598] is not an HTML. It is not processed for ad/tracker cleaning
WARNING: downloaded file [clean_utmccf.wordpress.com/wp-content/uploads/2012/08/e788b1e79a84e789b9e8b4a8.jpg@w=450&h=633] is not an HTML. It is not processed for ad/tracker cleaning
WARNING: downloaded file [clean_utmccf.wordpress.com/wp-content/uploads/2012/08/utmccf-jan11-newsletter.jpg@w=450&h=675] is not an HTML. It is not processed for ad/tracker cleaning
WARNING: downloaded file [clean_utmccf.wordpress.com/wp-content/uploads/2012/08/e58d81e5ad97e69eb6e4b88ee5b0b1e681a9.jpg@w=450&h=585] is not an HTML. It is not processed for ad/tracker cleaning
WARNING: downloaded file [clean_utmccf.wordpress.com/wp-content/uploads/2025/09/commitee-kevin-photo.jpg@w=225] is not an HTML. It is not processed for ad/tracker cleaning
WARNING: downloaded file [clean_utmccf.wordpress.com/wp-content/uploads/2025/09/whatsapp-image-2025-09-22-at-16.28.39.jpeg@w=768] is not an HTML. It is not processed for ad/tracker cleaning
WARNING: downloaded file [clean_utmccf.wordpress.com/wp-content/uploads/2025/09/whatsapp-image-2025-08-31-at-20.53.39-1.jpeg] is not an HTML. It is not processed for ad/tracker cleaning
WARNING: downloaded file [clean_utmccf.wordpress.com/wp-content/uploads/2025/09/137dd25d-a475-49a9-8158-e4adf927db0c_1_105_c-2.jpeg] is not an HTML. It is not processed for ad/tracker cleaning
WARNING: downloaded file [clean_utmccf.wordpress.com/wp-content/uploads/2025/09/137dd25d-a475-49a9-8158-e4adf927db0c_1_105_c-2-edited.jpeg] is not an HTML. It is not processed for ad/tracker cleaning
WARNING: downloaded file [clean_utmccf.wordpress.com/wp-content/uploads/2025/09/commitee-kevin-photo.jpg@w=768] is not an HTML. It is not processed for ad/tracker cleaning
WARNING: downloaded file [clean_utmccf.wordpress.com/wp-content/uploads/2025/09/whatsapp-image-2025-09-22-at-16.28.39.jpeg] is not an HTML. It is not processed for ad/tracker cleaning
WARNING: downloaded file [clean_utmccf.wordpress.com/wp-content/uploads/2025/09/137dd25d-a475-49a9-8158-e4adf927db0c_1_105_c-2-edited.jpeg@w=150&h=150] is not an HTML. It is not processed for ad/tracker cleaning
WARNING: downloaded file [clean_utmccf.wordpress.com/wp-content/uploads/2025/09/whatsapp-image-2025-08-31-at-20.53.39-1.jpeg@w=113] is not an HTML. It is not processed for ad/tracker cleaning
WARNING: downloaded file [clean_utmccf.wordpress.com/wp-content/uploads/2025/09/commitee-kevin-photo.jpg@w=112] is not an HTML. It is not processed for ad/tracker cleaning
WARNING: downloaded file [clean_utmccf.wordpress.com/wp-content/uploads/2025/09/whatsapp-image-2025-09-22-at-16.28.39.jpeg@w=171] is not an HTML. It is not processed for ad/tracker cleaning
WARNING: downloaded file [clean_utmccf.wordpress.com/wp-content/uploads/2025/09/whatsapp-image-2025-08-31-at-20.53.39-1.jpeg@w=1440] is not an HTML. It is not processed for ad/tracker cleaning
WARNING: downloaded file [clean_utmccf.wordpress.com/wp-content/uploads/2025/09/whatsapp-image-2025-09-22-at-16.28.39.jpeg@w=86] is not an HTML. It is not processed for ad/tracker cleaning
WARNING: downloaded file [clean_utmccf.wordpress.com/wp-content/uploads/2025/09/whatsapp-image-2025-09-22-at-16.28.39.jpeg@w=585] is not an HTML. It is not processed for ad/tracker cleaning
WARNING: downloaded file [clean_utmccf.wordpress.com/wp-content/uploads/2025/09/137dd25d-a475-49a9-8158-e4adf927db0c_1_105_c-2-edited.jpeg@w=300&h=300] is not an HTML. It is not processed for ad/tracker cleaning
WARNING: downloaded file [clean_utmccf.wordpress.com/wp-content/uploads/2025/09/whatsapp-image-2025-08-31-at-20.53.39-1.jpeg@w=768] is not an HTML. It is not processed for ad/tracker cleaning
WARNING: downloaded file [clean_utmccf.wordpress.com/wp-content/uploads/2025/09/whatsapp-image-2025-08-31-at-20.53.39-1.jpeg@w=225] is not an HTML. It is not processed for ad/tracker cleaning
WARNING: downloaded file [clean_utmccf.wordpress.com/wp-content/uploads/2025/04/image-3.png@w=300] is not an HTML. It is not processed for ad/tracker cleaning
WARNING: downloaded file [clean_utmccf.wordpress.com/wp-content/uploads/2025/04/image-3.png@w=967&] is not an HTML. It is not processed for ad/tracker cleaning
WARNING: downloaded file [clean_utmccf.wordpress.com/wp-content/uploads/2025/04/image-1.png@w=768] is not an HTML. It is not processed for ad/tracker cleaning
WARNING: downloaded file [clean_utmccf.wordpress.com/wp-content/uploads/2025/04/image-1.png@w=300] is not an HTML. It is not processed for ad/tracker cleaning
WARNING: downloaded file [clean_utmccf.wordpress.com/wp-content/uploads/2025/04/image-3.png@w=648] is not an HTML. It is not processed for ad/tracker cleaning
WARNING: downloaded file [clean_utmccf.wordpress.com/wp-content/uploads/2025/04/r_proc.jpg@w=768] is not an HTML. It is not processed for ad/tracker cleaning
WARNING: downloaded file [clean_utmccf.wordpress.com/wp-content/uploads/2025/04/image-1.png@w=809&] is not an HTML. It is not processed for ad/tracker cleaning
WARNING: downloaded file [clean_utmccf.wordpress.com/wp-content/uploads/2025/04/image-1.png@w=150] is not an HTML. It is not processed for ad/tracker cleaning
WARNING: downloaded file [clean_utmccf.wordpress.com/wp-content/uploads/2025/04/r_proc.jpg@w=105] is not an HTML. It is not processed for ad/tracker cleaning
WARNING: downloaded file [clean_utmccf.wordpress.com/wp-content/uploads/2025/04/image-3.png@w=768] is not an HTML. It is not processed for ad/tracker cleaning
WARNING: downloaded file [clean_utmccf.wordpress.com/wp-content/uploads/2025/04/image-3.png@w=150] is not an HTML. It is not processed for ad/tracker cleaning
WARNING: downloaded file [clean_utmccf.wordpress.com/wp-content/uploads/2025/04/r_proc.jpg@w=210] is not an HTML. It is not processed for ad/tracker cleaning
WARNING: downloaded file [clean_utmccf.wordpress.com/wp-content/uploads/2025/04/r_proc.jpg@w=718] is not an HTML. It is not processed for ad/tracker cleaning
WARNING: downloaded file [clean_utmccf.wordpress.com/wp-content/uploads/2025/04/image-1.png@w=648] is not an HTML. It is not processed for ad/tracker cleaning
WARNING: downloaded file [clean_utmccf.wordpress.com/wp-content/uploads/2017/05/cropped-cross.png@w=75] is not an HTML. It is not processed for ad/tracker cleaning
WARNING: downloaded file [clean_utmccf.wordpress.com/wp-content/uploads/2017/05/cropped-cross.png@w=150] is not an HTML. It is not processed for ad/tracker cleaning
WARNING: downloaded file [clean_utmccf.wordpress.com/wp-content/uploads/2017/05/cropped-cross.png@w=32] is not an HTML. It is not processed for ad/tracker cleaning
WARNING: downloaded file [clean_utmccf.wordpress.com/wp-content/uploads/2017/05/cropped-cross.png@w=192] is not an HTML. It is not processed for ad/tracker cleaning
WARNING: downloaded file [clean_utmccf.wordpress.com/wp-content/uploads/2017/05/cropped-cross.png@w=200] is not an HTML. It is not processed for ad/tracker cleaning
WARNING: downloaded file [clean_utmccf.wordpress.com/wp-content/uploads/2017/05/cropped-cross.png@w=180] is not an HTML. It is not processed for ad/tracker cleaning
WARNING: downloaded file [clean_utmccf.wordpress.com/wp-content/uploads/2017/05/cropped-cross.png@w=50] is not an HTML. It is not processed for ad/tracker cleaning
WARNING: downloaded file [clean_utmccf.wordpress.com/wp-content/uploads/2017/05/cropped-cross.png@w=100] is not an HTML. It is not processed for ad/tracker cleaning
WARNING: downloaded file [clean_utmccf.wordpress.com/wp-content/uploads/2023/02/e58786e6af95e4b89ae7949fe8aeb2e5baa7.png@w=768] is not an HTML. It is not processed for ad/tracker cleaning
WARNING: downloaded file [clean_utmccf.wordpress.com/wp-content/uploads/2023/02/e58786e6af95e4b89ae7949fe8aeb2e5baa7.png@w=113] is not an HTML. It is not processed for ad/tracker cleaning
WARNING: downloaded file [clean_utmccf.wordpress.com/wp-content/uploads/2023/02/e58786e6af95e4b89ae7949fe8aeb2e5baa7.png@w=1536] is not an HTML. It is not processed for ad/tracker cleaning
WARNING: downloaded file [clean_utmccf.wordpress.com/wp-content/uploads/2023/02/e58786e6af95e4b89ae7949fe8aeb2e5baa7.png@w=1440] is not an HTML. It is not processed for ad/tracker cleaning
WARNING: downloaded file [clean_utmccf.wordpress.com/wp-content/uploads/2023/02/e58786e6af95e4b89ae7949fe8aeb2e5baa7.png@w=225] is not an HTML. It is not processed for ad/tracker cleaning
WARNING: downloaded file [clean_utmccf.wordpress.com/wp-content/uploads/2023/03/music-worship-night.png@w=225] is not an HTML. It is not processed for ad/tracker cleaning
WARNING: downloaded file [clean_utmccf.wordpress.com/wp-content/uploads/2023/03/music-worship-night.png@w=768] is not an HTML. It is not processed for ad/tracker cleaning
WARNING: downloaded file [clean_utmccf.wordpress.com/wp-content/uploads/2023/03/music-worship-night.png@w=648] is not an HTML. It is not processed for ad/tracker cleaning
WARNING: downloaded file [clean_utmccf.wordpress.com/wp-content/uploads/2023/03/music-worship-night.png@w=1296] is not an HTML. It is not processed for ad/tracker cleaning
WARNING: downloaded file [clean_utmccf.wordpress.com/wp-content/uploads/2023/03/music-worship-night.png@w=113] is not an HTML. It is not processed for ad/tracker cleaning
WARNING: downloaded file [clean_utmccf.wordpress.com/wp-content/uploads/2023/03/music-worship-night.png@w=1230&] is not an HTML. It is not processed for ad/tracker cleaning
WARNING: downloaded file [clean_utmccf.wordpress.com/wp-content/uploads/2023/05/5-12.png@w=791] is not an HTML. It is not processed for ad/tracker cleaning
WARNING: downloaded file [clean_utmccf.wordpress.com/wp-content/uploads/2023/05/5-12.png@w=232] is not an HTML. It is not processed for ad/tracker cleaning
WARNING: downloaded file [clean_utmccf.wordpress.com/wp-content/uploads/2023/05/5-12.png@w=116] is not an HTML. It is not processed for ad/tracker cleaning
WARNING: downloaded file [clean_utmccf.wordpress.com/wp-content/uploads/2023/05/5-12.png@w=1440] is not an HTML. It is not processed for ad/tracker cleaning
WARNING: downloaded file [clean_utmccf.wordpress.com/wp-content/uploads/2023/05/5-12.png@w=768] is not an HTML. It is not processed for ad/tracker cleaning
WARNING: downloaded file [clean_utmccf.wordpress.com/wp-content/uploads/2023/09/3-2.png@w=1296] is not an HTML. It is not processed for ad/tracker cleaning
WARNING: downloaded file [clean_utmccf.wordpress.com/wp-content/uploads/2023/09/3-2.png@w=116] is not an HTML. It is not processed for ad/tracker cleaning
WARNING: downloaded file [clean_utmccf.wordpress.com/wp-content/uploads/2023/09/3-2.png@w=791] is not an HTML. It is not processed for ad/tracker cleaning
WARNING: downloaded file [clean_utmccf.wordpress.com/wp-content/uploads/2023/09/3-2.png@w=232] is not an HTML. It is not processed for ad/tracker cleaning
WARNING: downloaded file [clean_utmccf.wordpress.com/wp-content/uploads/2023/09/3-2.png@w=768] is not an HTML. It is not processed for ad/tracker cleaning
WARNING: downloaded file [clean_utmccf.wordpress.com/wp-content/uploads/2023/09/3-2.png@w=1230&] is not an HTML. It is not processed for ad/tracker cleaning
WARNING: downloaded file [clean_utmccf.wordpress.com/wp-content/uploads/2023/09/3-2.png@w=648] is not an HTML. It is not processed for ad/tracker cleaning
WARNING: downloaded file [clean_utmccf.wordpress.com/wp-content/uploads/2023/10/wechatimg2844-1.jpeg@w=768] is not an HTML. It is not processed for ad/tracker cleaning
WARNING: downloaded file [clean_utmccf.wordpress.com/wp-content/uploads/2023/10/wechatimg2844-1.jpeg] is not an HTML. It is not processed for ad/tracker cleaning
WARNING: downloaded file [clean_utmccf.wordpress.com/wp-content/uploads/2023/10/wechatimg2844-1.jpeg@w=823] is not an HTML. It is not processed for ad/tracker cleaning
WARNING: downloaded file [clean_utmccf.wordpress.com/wp-content/uploads/2023/10/wechatimg2844-1.jpeg@w=241] is not an HTML. It is not processed for ad/tracker cleaning
WARNING: downloaded file [clean_utmccf.wordpress.com/wp-content/uploads/2023/10/wechatimg2844-1.jpeg@w=121] is not an HTML. It is not processed for ad/tracker cleaning
WARNING: downloaded file [clean_utmccf.wordpress.com/wp-content/uploads/2022/05/dsc00272.jpg@w=683] is not an HTML. It is not processed for ad/tracker cleaning
WARNING: downloaded file [clean_utmccf.wordpress.com/wp-content/uploads/2022/05/dsc00272.jpg@w=100] is not an HTML. It is not processed for ad/tracker cleaning
WARNING: downloaded file [clean_utmccf.wordpress.com/wp-content/uploads/2022/05/dsc00272.jpg@w=200] is not an HTML. It is not processed for ad/tracker cleaning
WARNING: downloaded file [clean_utmccf.wordpress.com/wp-content/uploads/2022/05/dsc00272.jpg@w=768] is not an HTML. It is not processed for ad/tracker cleaning
WARNING: downloaded file [clean_utmccf.wordpress.com/wp-content/uploads/2022/05/dsc00272.jpg@w=1366] is not an HTML. It is not processed for ad/tracker cleaning
WARNING: downloaded file [clean_utmccf.wordpress.com/wp-content/uploads/2022/08/pxl_20220701_164423693.jpg@strip=info&w=600] is not an HTML. It is not processed for ad/tracker cleaning
WARNING: downloaded file [clean_utmccf.wordpress.com/wp-content/uploads/2022/08/e7bd91e7ab99thumbnails.png@w=660&h=660&crop=1] is not an HTML. It is not processed for ad/tracker cleaning
WARNING: downloaded file [clean_utmccf.wordpress.com/wp-content/uploads/2022/08/dsc00256.jpg@strip=info&w=600] is not an HTML. It is not processed for ad/tracker cleaning
WARNING: downloaded file [clean_utmccf.wordpress.com/wp-content/uploads/2022/08/dsc00256.jpg@strip=info&w=1500] is not an HTML. It is not processed for ad/tracker cleaning
WARNING: downloaded file [clean_utmccf.wordpress.com/wp-content/uploads/2022/08/dsc00186.jpg@strip=info&w=1500] is not an HTML. It is not processed for ad/tracker cleaning
WARNING: downloaded file [clean_utmccf.wordpress.com/wp-content/uploads/2022/08/2018-1.png@w=300] is not an HTML. It is not processed for ad/tracker cleaning
WARNING: downloaded file [clean_utmccf.wordpress.com/wp-content/uploads/2022/08/2018-1.png@w=1080&] is not an HTML. It is not processed for ad/tracker cleaning
WARNING: downloaded file [clean_utmccf.wordpress.com/wp-content/uploads/2022/08/dsc00256.jpg@strip=info&w=900] is not an HTML. It is not processed for ad/tracker cleaning
WARNING: downloaded file [clean_utmccf.wordpress.com/wp-content/uploads/2022/08/2018-1.png@w=1024] is not an HTML. It is not processed for ad/tracker cleaning
WARNING: downloaded file [clean_utmccf.wordpress.com/wp-content/uploads/2022/08/nl-627-copy.png@strip=info&w=899] is not an HTML. It is not processed for ad/tracker cleaning
WARNING: downloaded file [clean_utmccf.wordpress.com/wp-content/uploads/2022/08/dsc00256.jpg@strip=info&w=1800] is not an HTML. It is not processed for ad/tracker cleaning
WARNING: downloaded file [clean_utmccf.wordpress.com/wp-content/uploads/2022/08/dsc00256.jpg@strip=info&w=2000] is not an HTML. It is not processed for ad/tracker cleaning
WARNING: downloaded file [clean_utmccf.wordpress.com/wp-content/uploads/2022/08/dsc00295.jpg@strip=info&w=900] is not an HTML. It is not processed for ad/tracker cleaning
WARNING: downloaded file [clean_utmccf.wordpress.com/wp-content/uploads/2022/08/dsc00186.jpg@w=1230&] is not an HTML. It is not processed for ad/tracker cleaning
WARNING: downloaded file [clean_utmccf.wordpress.com/wp-content/uploads/2022/08/pxl_20220701_164423693.jpg@strip=info&w=1800] is not an HTML. It is not processed for ad/tracker cleaning
WARNING: downloaded file [clean_utmccf.wordpress.com/wp-content/uploads/2022/08/img_8872.jpg@strip=info&w=836] is not an HTML. It is not processed for ad/tracker cleaning
WARNING: downloaded file [clean_utmccf.wordpress.com/wp-content/uploads/2022/08/e69a91e69c9fe59ba2e5a591e7bb93e69d9fe7baaae5bfb5e59bbee78987.png@strip=info&w=1500] is not an HTML. It is not processed for ad/tracker cleaning
WARNING: downloaded file [clean_utmccf.wordpress.com/wp-content/uploads/2022/08/2018.png@w=1024] is not an HTML. It is not processed for ad/tracker cleaning
WARNING: downloaded file [clean_utmccf.wordpress.com/wp-content/uploads/2022/08/e7bd91e7ab99thumbnails.png@w=1080&] is not an HTML. It is not processed for ad/tracker cleaning
WARNING: downloaded file [clean_utmccf.wordpress.com/wp-content/uploads/2022/08/e7bd91e7ab99thumbnails.png@w=150&h=150&crop=1] is not an HTML. It is not processed for ad/tracker cleaning
WARNING: downloaded file [clean_utmccf.wordpress.com/wp-content/uploads/2022/08/e69a91e69c9fe59ba2e5a591e7bb93e69d9fe7baaae5bfb5e59bbee78987.png@strip=info&w=1200] is not an HTML. It is not processed for ad/tracker cleaning
WARNING: downloaded file [clean_utmccf.wordpress.com/wp-content/uploads/2022/08/dsc00295.jpg@strip=info&w=600] is not an HTML. It is not processed for ad/tracker cleaning
WARNING: downloaded file [clean_utmccf.wordpress.com/wp-content/uploads/2022/08/dsc00295.jpg@strip=info&w=2000] is not an HTML. It is not processed for ad/tracker cleaning
WARNING: downloaded file [clean_utmccf.wordpress.com/wp-content/uploads/2022/08/e69a91e69c9fe59ba2e5a591e7bb93e69d9fe7baaae5bfb5e59bbee78987.png@strip=info&w=900] is not an HTML. It is not processed for ad/tracker cleaning
WARNING: downloaded file [clean_utmccf.wordpress.com/wp-content/uploads/2022/08/e69a91e69c9fe59ba2e5a591e7bb93e69d9fe7baaae5bfb5e59bbee78987.png@strip=info&w=1800] is not an HTML. It is not processed for ad/tracker cleaning
WARNING: downloaded file [clean_utmccf.wordpress.com/wp-content/uploads/2022/08/dsc00186.jpg@strip=info&w=600] is not an HTML. It is not processed for ad/tracker cleaning
WARNING: downloaded file [clean_utmccf.wordpress.com/wp-content/uploads/2022/08/img_8872.jpg@strip=info&w=600] is not an HTML. It is not processed for ad/tracker cleaning
WARNING: downloaded file [clean_utmccf.wordpress.com/wp-content/uploads/2022/08/final.png@strip=info&w=600] is not an HTML. It is not processed for ad/tracker cleaning
WARNING: downloaded file [clean_utmccf.wordpress.com/wp-content/uploads/2022/08/pxl_20220701_164423693.jpg@strip=info&w=2000] is not an HTML. It is not processed for ad/tracker cleaning
WARNING: downloaded file [clean_utmccf.wordpress.com/wp-content/uploads/2022/08/2018.png@w=300] is not an HTML. It is not processed for ad/tracker cleaning
WARNING: downloaded file [clean_utmccf.wordpress.com/wp-content/uploads/2022/08/dsc00186.jpg@strip=info&w=1800] is not an HTML. It is not processed for ad/tracker cleaning
WARNING: downloaded file [clean_utmccf.wordpress.com/wp-content/uploads/2022/08/dsc00295.jpg@strip=info&w=1800] is not an HTML. It is not processed for ad/tracker cleaning
WARNING: downloaded file [clean_utmccf.wordpress.com/wp-content/uploads/2022/08/e7bd91e7ab99thumbnails.png@w=300&h=300&crop=1] is not an HTML. It is not processed for ad/tracker cleaning
WARNING: downloaded file [clean_utmccf.wordpress.com/wp-content/uploads/2022/08/final.png@strip=info&w=1500] is not an HTML. It is not processed for ad/tracker cleaning
WARNING: downloaded file [clean_utmccf.wordpress.com/wp-content/uploads/2022/08/dsc00186.jpg@strip=info&w=2000] is not an HTML. It is not processed for ad/tracker cleaning
WARNING: downloaded file [clean_utmccf.wordpress.com/wp-content/uploads/2022/08/dsc00256.jpg@strip=info&w=1200] is not an HTML. It is not processed for ad/tracker cleaning
WARNING: downloaded file [clean_utmccf.wordpress.com/wp-content/uploads/2022/08/dsc00186.jpg@strip=info&w=900] is not an HTML. It is not processed for ad/tracker cleaning
WARNING: downloaded file [clean_utmccf.wordpress.com/wp-content/uploads/2022/08/2018.png@w=150] is not an HTML. It is not processed for ad/tracker cleaning
WARNING: downloaded file [clean_utmccf.wordpress.com/wp-content/uploads/2022/08/e69a91e69c9fe59ba2e5a591e7bb93e69d9fe7baaae5bfb5e59bbee78987.png@strip=info&w=600] is not an HTML. It is not processed for ad/tracker cleaning
WARNING: downloaded file [clean_utmccf.wordpress.com/wp-content/uploads/2022/08/2018-1.png@w=768] is not an HTML. It is not processed for ad/tracker cleaning
WARNING: downloaded file [clean_utmccf.wordpress.com/wp-content/uploads/2022/08/pxl_20220701_164423693.jpg@strip=info&w=900] is not an HTML. It is not processed for ad/tracker cleaning
WARNING: downloaded file [clean_utmccf.wordpress.com/wp-content/uploads/2022/08/dsc00295.jpg@strip=info&w=1200] is not an HTML. It is not processed for ad/tracker cleaning
WARNING: downloaded file [clean_utmccf.wordpress.com/wp-content/uploads/2022/08/pxl_20220701_164423693.jpg@strip=info&w=1200] is not an HTML. It is not processed for ad/tracker cleaning
WARNING: downloaded file [clean_utmccf.wordpress.com/wp-content/uploads/2022/08/final.png@strip=info&w=1200] is not an HTML. It is not processed for ad/tracker cleaning
WARNING: downloaded file [clean_utmccf.wordpress.com/wp-content/uploads/2022/08/final.png@strip=info&w=900] is not an HTML. It is not processed for ad/tracker cleaning
WARNING: downloaded file [clean_utmccf.wordpress.com/wp-content/uploads/2022/08/e7bd91e7ab99thumbnails.png@w=330&h=330&crop=1] is not an HTML. It is not processed for ad/tracker cleaning
WARNING: downloaded file [clean_utmccf.wordpress.com/wp-content/uploads/2022/08/2018.png@w=768] is not an HTML. It is not processed for ad/tracker cleaning
WARNING: downloaded file [clean_utmccf.wordpress.com/wp-content/uploads/2022/08/nl-627-copy.png@strip=info&w=600] is not an HTML. It is not processed for ad/tracker cleaning
WARNING: downloaded file [clean_utmccf.wordpress.com/wp-content/uploads/2022/08/2018-1.png@w=648] is not an HTML. It is not processed for ad/tracker cleaning
WARNING: downloaded file [clean_utmccf.wordpress.com/wp-content/uploads/2022/08/pxl_20220701_164423693.jpg@strip=info&w=1500] is not an HTML. It is not processed for ad/tracker cleaning
WARNING: downloaded file [clean_utmccf.wordpress.com/wp-content/uploads/2022/08/dsc00186.jpg@strip=info&w=1200] is not an HTML. It is not processed for ad/tracker cleaning
WARNING: downloaded file [clean_utmccf.wordpress.com/wp-content/uploads/2022/08/dsc00295.jpg@strip=info&w=1500] is not an HTML. It is not processed for ad/tracker cleaning
WARNING: downloaded file [clean_utmccf.wordpress.com/wp-content/uploads/2022/08/2018-1.png@w=150] is not an HTML. It is not processed for ad/tracker cleaning
WARNING: downloaded file [clean_utmccf.wordpress.com/wp-content/uploads/2022/08/final.png@strip=info&w=1728] is not an HTML. It is not processed for ad/tracker cleaning
WARNING: downloaded file [clean_utmccf.wordpress.com/wp-content/uploads/2022/09/aaron-owens-isdzgsxaoza-unsplash.jpg@w=648] is not an HTML. It is not processed for ad/tracker cleaning
WARNING: downloaded file [clean_utmccf.wordpress.com/wp-content/uploads/2022/09/aaron-owens-isdzgsxaoza-unsplash.jpg@w=768] is not an HTML. It is not processed for ad/tracker cleaning
WARNING: downloaded file [clean_utmccf.wordpress.com/wp-content/uploads/2022/09/2022f-orientation.png@w=113] is not an HTML. It is not processed for ad/tracker cleaning
WARNING: downloaded file [clean_utmccf.wordpress.com/wp-content/uploads/2022/09/aaron-owens-isdzgsxaoza-unsplash.jpg@w=1296] is not an HTML. It is not processed for ad/tracker cleaning
WARNING: downloaded file [clean_utmccf.wordpress.com/wp-content/uploads/2022/09/2022f-orientation.png@w=225] is not an HTML. It is not processed for ad/tracker cleaning
WARNING: downloaded file [clean_utmccf.wordpress.com/wp-content/uploads/2022/09/2022f-orientation.png@w=768] is not an HTML. It is not processed for ad/tracker cleaning
WARNING: downloaded file [clean_utmccf.wordpress.com/wp-content/uploads/2022/09/aaron-owens-isdzgsxaoza-unsplash.jpg@w=200] is not an HTML. It is not processed for ad/tracker cleaning
WARNING: downloaded file [clean_utmccf.wordpress.com/wp-content/uploads/2022/09/2022e5bc80e5ada6e6b5b7e68aa5.png@w=648] is not an HTML. It is not processed for ad/tracker cleaning
WARNING: downloaded file [clean_utmccf.wordpress.com/wp-content/uploads/2022/09/aaron-owens-isdzgsxaoza-unsplash.jpg@w=683] is not an HTML. It is not processed for ad/tracker cleaning
WARNING: downloaded file [clean_utmccf.wordpress.com/wp-content/uploads/2022/09/2022f-orientation.png@w=648] is not an HTML. It is not processed for ad/tracker cleaning
WARNING: downloaded file [clean_utmccf.wordpress.com/wp-content/uploads/2022/09/2022e5bc80e5ada6e6b5b7e68aa5.png@w=724] is not an HTML. It is not processed for ad/tracker cleaning
WARNING: downloaded file [clean_utmccf.wordpress.com/wp-content/uploads/2022/09/aaron-owens-isdzgsxaoza-unsplash.jpg@w=1230&] is not an HTML. It is not processed for ad/tracker cleaning
WARNING: downloaded file [clean_utmccf.wordpress.com/wp-content/uploads/2022/09/aaron-owens-isdzgsxaoza-unsplash.jpg@w=100] is not an HTML. It is not processed for ad/tracker cleaning
WARNING: downloaded file [clean_utmccf.wordpress.com/wp-content/uploads/2022/09/2022f-orientation.png@w=1296] is not an HTML. It is not processed for ad/tracker cleaning
WARNING: downloaded file [clean_utmccf.wordpress.com/wp-content/uploads/2022/09/2022f-orientation.png@w=1230&] is not an HTML. It is not processed for ad/tracker cleaning
WARNING: downloaded file [clean_utmccf.wordpress.com/wp-content/uploads/2022/09/2022e5bc80e5ada6e6b5b7e68aa5.png@w=768] is not an HTML. It is not processed for ad/tracker cleaning
WARNING: downloaded file [clean_utmccf.wordpress.com/wp-content/uploads/2022/09/2022e5bc80e5ada6e6b5b7e68aa5.png@w=212] is not an HTML. It is not processed for ad/tracker cleaning
WARNING: downloaded file [clean_utmccf.wordpress.com/wp-content/uploads/2022/09/2022e5bc80e5ada6e6b5b7e68aa5.png@w=1296] is not an HTML. It is not processed for ad/tracker cleaning
WARNING: downloaded file [clean_utmccf.wordpress.com/wp-content/uploads/2022/09/2022e5bc80e5ada6e6b5b7e68aa5.png@w=106] is not an HTML. It is not processed for ad/tracker cleaning
WARNING: downloaded file [clean_utmccf.wordpress.com/wp-content/uploads/2022/09/2022e5bc80e5ada6e6b5b7e68aa5.png@w=1230&] is not an HTML. It is not processed for ad/tracker cleaning
WARNING: downloaded file [clean_utmccf.wordpress.com/wp-content/uploads/2022/07/16101658206922_.pic_.png@w=1296] is not an HTML. It is not processed for ad/tracker cleaning
WARNING: downloaded file [clean_utmccf.wordpress.com/wp-content/uploads/2022/07/16101658206922_.pic_.png@w=1440&h=1920] is not an HTML. It is not processed for ad/tracker cleaning
WARNING: downloaded file [clean_utmccf.wordpress.com/wp-content/uploads/2022/07/16101658206922_.pic_.png@w=768] is not an HTML. It is not processed for ad/tracker cleaning
WARNING: downloaded file [clean_utmccf.wordpress.com/wp-content/uploads/2022/07/16101658206922_.pic_.png@w=225&h=300] is not an HTML. It is not processed for ad/tracker cleaning
WARNING: downloaded file [clean_utmccf.wordpress.com/wp-content/uploads/2022/07/16101658206922_.pic_.png@strip=info&w=1200] is not an HTML. It is not processed for ad/tracker cleaning
WARNING: downloaded file [clean_utmccf.wordpress.com/wp-content/uploads/2022/07/16101658206922_.pic_.png@w=225] is not an HTML. It is not processed for ad/tracker cleaning
WARNING: downloaded file [clean_utmccf.wordpress.com/wp-content/uploads/2022/07/16101658206922_.pic_.png@strip=info&w=600] is not an HTML. It is not processed for ad/tracker cleaning
WARNING: downloaded file [clean_utmccf.wordpress.com/wp-content/uploads/2022/07/16101658206922_.pic_.png@strip=info&w=1500] is not an HTML. It is not processed for ad/tracker cleaning
WARNING: downloaded file [clean_utmccf.wordpress.com/wp-content/uploads/2022/07/16101658206922_.pic_.png@w=1230&] is not an HTML. It is not processed for ad/tracker cleaning
WARNING: downloaded file [clean_utmccf.wordpress.com/wp-content/uploads/2022/07/16101658206922_.pic_.png@w=648] is not an HTML. It is not processed for ad/tracker cleaning
WARNING: downloaded file [clean_utmccf.wordpress.com/wp-content/uploads/2022/07/16101658206922_.pic_.png@strip=info&w=900] is not an HTML. It is not processed for ad/tracker cleaning
WARNING: downloaded file [clean_utmccf.wordpress.com/wp-content/uploads/2022/07/16101658206922_.pic_.png@w=113] is not an HTML. It is not processed for ad/tracker cleaning
WARNING: downloaded file [clean_utmccf.wordpress.com/wp-content/uploads/2022/07/16101658206922_.pic_.png@w=113&h=150] is not an HTML. It is not processed for ad/tracker cleaning
WARNING: downloaded file [clean_utmccf.wordpress.com/wp-content/uploads/2022/07/16101658206922_.pic_.png@w=768&h=1024] is not an HTML. It is not processed for ad/tracker cleaning
WARNING: downloaded file [clean_utmccf.wordpress.com/wp-content/uploads/2022/07/16101658206922_.pic_.png@strip=info&w=1728] is not an HTML. It is not processed for ad/tracker cleaning
WARNING: downloaded file [clean_utmccf.wordpress.com/wp-content/uploads/2022/06/wechatimg560.jpeg@strip=info&w=900] is not an HTML. It is not processed for ad/tracker cleaning
WARNING: downloaded file [clean_utmccf.wordpress.com/wp-content/uploads/2022/06/nl-615.png@strip=info&w=1500] is not an HTML. It is not processed for ad/tracker cleaning
WARNING: downloaded file [clean_utmccf.wordpress.com/wp-content/uploads/2022/06/wechatimg560.jpeg@strip=info&w=600] is not an HTML. It is not processed for ad/tracker cleaning
WARNING: downloaded file [clean_utmccf.wordpress.com/wp-content/uploads/2022/06/nl-615.png@strip=info&w=900] is not an HTML. It is not processed for ad/tracker cleaning
WARNING: downloaded file [clean_utmccf.wordpress.com/wp-content/uploads/2022/06/wechatimg560.jpeg@strip=info&w=948] is not an HTML. It is not processed for ad/tracker cleaning
WARNING: downloaded file [clean_utmccf.wordpress.com/wp-content/uploads/2022/06/wechatimg560.jpeg] is not an HTML. It is not processed for ad/tracker cleaning
WARNING: downloaded file [clean_utmccf.wordpress.com/wp-content/uploads/2022/06/nl-615.png@strip=info&w=1200] is not an HTML. It is not processed for ad/tracker cleaning
WARNING: downloaded file [clean_utmccf.wordpress.com/wp-content/uploads/2022/06/nl-615.png@strip=info&w=1545] is not an HTML. It is not processed for ad/tracker cleaning
WARNING: downloaded file [clean_utmccf.wordpress.com/wp-content/uploads/2022/06/nl-615.png@strip=info&w=600] is not an HTML. It is not processed for ad/tracker cleaning
WARNING: downloaded file [clean_utmccf.wordpress.com/wp-content/uploads/2022/11/122-poster.png@w=972] is not an HTML. It is not processed for ad/tracker cleaning
WARNING: downloaded file [clean_utmccf.wordpress.com/wp-content/uploads/2022/11/wechatimg1987.jpeg@w=476&] is not an HTML. It is not processed for ad/tracker cleaning
WARNING: downloaded file [clean_utmccf.wordpress.com/wp-content/uploads/2022/11/wechatimg1987.jpeg@w=363] is not an HTML. It is not processed for ad/tracker cleaning
WARNING: downloaded file [clean_utmccf.wordpress.com/wp-content/uploads/2022/11/wechatimg1987.jpeg@w=89] is not an HTML. It is not processed for ad/tracker cleaning
WARNING: downloaded file [clean_utmccf.wordpress.com/wp-content/uploads/2022/11/122-poster.png@w=116] is not an HTML. It is not processed for ad/tracker cleaning
WARNING: downloaded file [clean_utmccf.wordpress.com/wp-content/uploads/2022/11/122-poster.png@w=768] is not an HTML. It is not processed for ad/tracker cleaning
WARNING: downloaded file [clean_utmccf.wordpress.com/wp-content/uploads/2022/11/wechatimg1987.jpeg@w=476] is not an HTML. It is not processed for ad/tracker cleaning
WARNING: downloaded file [clean_utmccf.wordpress.com/wp-content/uploads/2022/11/122-poster.png@w=1296] is not an HTML. It is not processed for ad/tracker cleaning
WARNING: downloaded file [clean_utmccf.wordpress.com/wp-content/uploads/2022/11/122-poster.png@w=648] is not an HTML. It is not processed for ad/tracker cleaning
WARNING: downloaded file [clean_utmccf.wordpress.com/wp-content/uploads/2022/11/122-poster.png@w=232] is not an HTML. It is not processed for ad/tracker cleaning
WARNING: downloaded file [clean_utmccf.wordpress.com/wp-content/uploads/2022/11/122-poster.png@w=1230&] is not an HTML. It is not processed for ad/tracker cleaning
WARNING: downloaded file [clean_utmccf.wordpress.com/wp-content/uploads/2022/11/122-poster.png@w=486] is not an HTML. It is not processed for ad/tracker cleaning
WARNING: downloaded file [clean_utmccf.wordpress.com/wp-content/uploads/2022/11/122-poster.png@w=791] is not an HTML. It is not processed for ad/tracker cleaning
WARNING: downloaded file [clean_utmccf.wordpress.com/wp-content/uploads/2022/11/wechatimg1987.jpeg] is not an HTML. It is not processed for ad/tracker cleaning
WARNING: downloaded file [clean_utmccf.wordpress.com/wp-content/uploads/2022/11/wechatimg1987.jpeg@w=179] is not an HTML. It is not processed for ad/tracker cleaning
WARNING: This page 『 utmccf.wordpress.com/2012/10/12/布道会-evangelical-conference 』 contains these absolute url links:
	- 【 http://utmccf.com/conference/ 】	fix it by changing it to:【 /conference/ 】

ERROR: Failed to download https://utmccf.wordpress.com/_static/??-eJyNjcsKQjEMBX/ImlsQry7ET5GahrbXNCmmRfx7H7gRN+7OwGEGbs2hSifpUIdrPFIRg4V6C3j5MNgQqBoHk4HlcKUYYry/Z5G0RrMV/C06FUEwxRLYsSa1L/iR9Uz1mc0bSKznwK/DsR787Kd5P/ntbnkAuNBIYA==&cssminify=yes: HTTP Error 404: Not found
ERROR: Failed to download https://utmccf.wordpress.com/_static/??-eJydjEEKgCAQAD+UrR6KLtFbTJfQdJXWxe9HUB/oOMMw0KtyhRpSgyyqJjkCMURs1brzZWAhyMVLQgZnryKMCbiHipfahXzC0TEP8H/2NZ94fltezbxMxkx61vEGx+U/hQ==&cssminify=yes: HTTP Error 404: Not found
ERROR: Failed to download https://utmccf.wordpress.com/_static/??-eJyNjcsKQjEMBX/ImlsQry7ET5GahrbXNCmmRfx7H7gRN+7OwGEGbs2hSifpUIdrPFIRg4V6C3j5MNgQqBoHk4HlcKUYYry/Z5G0RrMV/C06FUEwxRLYsSa1L/iR9Uz1mc0bSKznwK/DsR787Kd5P/ntbnkAuNBIYA==&cssminify=yes: HTTP Error 404: Not found
ERROR: Failed to download https://utmccf.wordpress.com/_static/??-eJyNjcsKQjEMBX/ImlsQry7ET5GahrbXNCmmRfx7H7gRN+7OwGEGbs2hSifpUIdrPFIRg4V6C3j5MNgQqBoHk4HlcKUYYry/Z5G0RrMV/C06FUEwxRLYsSa1L/iR9Uz1mc0bSKznwK/DsR787Kd5P/ntbnkAuNBIYA==&cssminify=yes: HTTP Error 404: Not found
ERROR: Failed to download https://utmccf.wordpress.com/_static/??-eJyNkVFqAzEMRC9UV6Sk5Kv0LFpb2Whty+5KXuf4ddJCSwpp0Idg5o0YEPTqfBEjMZhSmV1NbWZR6GUNGNT5hKqksAwJLT0v+gS/Mrn9JDjMZArUhlsik0vYwSjXhEY3+p07ieOgPxo1OqGEROstbCfKA6ltAgosl26CG89oXOQBWCNXl1iiOxbf1B35/EDqsu/UXsgq+uiG1Ksv+dsAbQIbSSgrYLOS0Yz9Hxp09TA1TgGEul698Q8f1X29paip25j6f/6o+J7fdoeXMfvd6375BCNstKU=: HTTP Error 404: Not found
ERROR: Failed to download https://utmccf.wordpress.com/_static/??-eJyNjcsKQjEMBX/ImlsQry7ET5GahrbXNCmmRfx7H7gRN+7OwGEGbs2hSifpUIdrPFIRg4V6C3j5MNgQqBoHk4HlcKUYYry/Z5G0RrMV/C06FUEwxRLYsSa1L/iR9Uz1mc0bSKznwK/DsR787Kd5P/ntbnkAuNBIYA==&cssminify=yes: HTTP Error 404: Not found
WARNING: downloaded file [clean_utmccf.wordpress.com/wp-includes/js/wp-embed.min.js@m=1743165756i&ver=7.1-alpha-62511] is not an HTML. It is not processed for ad/tracker cleaning
ERROR: Failed to download https://utmccf.wordpress.com/_static/??-eJyNjcEKwjAQRH/IuFRT6kX8FNkmS5K6yQY3Qfx7bfEiXrwM82B4A49qnJRGpUHupnIPqSgs1Cq624chi6zhO5OCRryTR++fW00l7J3qDv43XVNxoOISsmEJol/wY2uR8vs3WggsM/I6uOTzMI3Hw8lOg11eUT1JKA==&amp;cssminify=yes: HTTP Error 404: Not found
ERROR: Failed to download https://utmccf.wordpress.com/_static/??-eJyNjcsKQjEMBX/ImlsQry7ET5GahrbXNCmmRfx7H7gRN+7OwGEGbs2hSifpUIdrPFIRg4V6C3j5MNgQqBoHk4HlcKUYYry/Z5G0RrMV/C06FUEwxRLYsSa1L/iR9Uz1mc0bSKznwK/DsR787Kd5P/ntbnkAuNBIYA==&cssminify=yes: HTTP Error 404: Not found
WARNING: downloaded file [clean_utmccf.wordpress.com/20250426/croped.JPG] is not an HTML. It is not processed for ad/tracker cleaning
WARNING: downloaded file [clean_utmccf.wordpress.com/20250426/ans.webm] is not an HTML. It is not processed for ad/tracker cleaning
WARNING: This page 『 utmccf.wordpress.com/2022/08/25/2022-summer-活动总集 』 contains these absolute url links:
	- 【 https://utmccf.com/?attachment_id=2825 】	fix it by changing it to:【 /?attachment_id=2825 】
	- 【 https://utmccf.com/?attachment_id=2833 】	fix it by changing it to:【 /?attachment_id=2833 】
	- 【 https://utmccf.com/?attachment_id=2834 】	fix it by changing it to:【 /?attachment_id=2834 】
	- 【 https://utmccf.com/?attachment_id=2832 】	fix it by changing it to:【 /?attachment_id=2832 】
	- 【 https://utmccf.com/?attachment_id=2837 】	fix it by changing it to:【 /?attachment_id=2837 】
	- 【 https://utmccf.com/?attachment_id=2835 】	fix it by changing it to:【 /?attachment_id=2835 】
	- 【 https://utmccf.com/?attachment_id=2830 】	fix it by changing it to:【 /?attachment_id=2830 】
	- 【 https://utmccf.com/fellowship/nl-615/ 】	fix it by changing it to:【 /fellowship/nl-615/ 】
	- 【 https://utmccf.com/conference/wechatimg560/ 】	fix it by changing it to:【 /conference/wechatimg560/ 】
	- 【 https://utmccf.com/conference/16101658206922_-pic/ 】	fix it by changing it to:【 /conference/16101658206922_-pic/ 】
	- 【 https://utmccf.com/?attachment_id=2827 】	fix it by changing it to:【 /?attachment_id=2827 】

WARNING: GNU Wget 1.21.4 built on linux-gnu.

-cares +digest -gpgme +https +ipv6 +iri +large-file -metalink +nls 
+ntlm +opie +psl +ssl/openssl 

Wgetrc: 
    /etc/wgetrc (system)
Locale: 
    /usr/share/locale 
Compile: 
    gcc -DHAVE_CONFIG_H -DSYSTEM_WGETRC="/etc/wgetrc" 
    -DLOCALEDIR="/usr/share/locale" -I. -I../../src -I../lib 
    -I../../lib -Wdate-time -D_FORTIFY_SOURCE=3 -DHAVE_LIBSSL -DNDEBUG 
    -g -O2 -fno-omit-frame-pointer -mno-omit-leaf-frame-pointer 
    -ffile-prefix-map=/build/wget-TrFjsj/wget-1.21.4=. -flto=auto 
    -ffat-lto-objects -fstack-protector-strong -fstack-clash-protection 
    -Wformat -Werror=format-security -fcf-protection 
    -fdebug-prefix-map=/build/wget-TrFjsj/wget-1.21.4=/usr/src/wget-1.21.4-1ubuntu4.4 
    -DNO_SSLv2 -D_FILE_OFFSET_BITS=64 -g -Wall 
Link: 
    gcc -DHAVE_LIBSSL -DNDEBUG -g -O2 -fno-omit-frame-pointer 
    -mno-omit-leaf-frame-pointer 
    -ffile-prefix-map=/build/wget-TrFjsj/wget-1.21.4=. -flto=auto 
    -ffat-lto-objects -fstack-protector-strong -fstack-clash-protection 
    -Wformat -Werror=format-security -fcf-protection 
    -fdebug-prefix-map=/build/wget-TrFjsj/wget-1.21.4=/usr/src/wget-1.21.4-1ubuntu4.4 
    -DNO_SSLv2 -D_FILE_OFFSET_BITS=64 -g -Wall -Wl,-Bsymbolic-functions 
    -flto=auto -ffat-lto-objects -Wl,-z,relro -Wl,-z,now -lpcre2-8 
    -luuid -lidn2 -lssl -lcrypto -lz -lpsl ../lib/libgnu.a 

Copyright (C) 2015 Free Software Foundation, Inc.
License GPLv3+: GNU GPL version 3 or later
<http://www.gnu.org/licenses/gpl.html>.
This is free software: you are free to change and redistribute it.
There is NO WARRANTY, to the extent permitted by law.

Originally written by Hrvoje Niksic <hniksic@xemacs.org>.
Please send bug reports and questions to <bug-wget@gnu.org>.

DONE: website published with 310 warnings and 13 errors. Last updated 2026-08-06 22:36:54 EDT


* Website is published with warnings/errors. Please check all affected pages. If nothing is broken, ignore the warnings/errors
** Absolute url may or may not cause broken links on the website. Click on all links & buttons on the listed pages to see if they are broken
